2026-04-02 13:38:00,971 INFO Opts: Namespace(gene_map='../demo_data/top500/top500_gene_map.tif', nuclei_mask='../demo_data/segmentation/nuclei_masks.tif', log_dir='../demo_data/spacut_results', patch_size=96, dilation_kernel_size=15, dilation_iter_num=5, tau=5, using_filtered_background=True, fg_net_epoch=10, fg_net_batch_size=32, fg_net_lr=0.0001, fg_net_nuclei_weight=2.0, cell_net_epoch=10, cell_net_lr=0.0001, cell_net_nuclei_weight=2.0, gpu='0', seed=0)
2026-04-02 13:38:00,971 INFO Loading gene map from ../demo_data/top500/top500_gene_map.tif
2026-04-02 13:38:01,254 INFO Gene map shape: (1200, 1200, 500)
2026-04-02 13:38:01,254 INFO Loading nuclei mask from ../demo_data/segmentation/nuclei_masks.tif
2026-04-02 13:38:01,271 INFO Nuclei mask unique values: 1134, Shape: (1200, 1200)
2026-04-02 13:38:01,280 INFO Total 169 patches with shift 0
2026-04-02 13:38:01,377 INFO Initialize weights
2026-04-02 13:38:01,413 INFO Start training foreground net
2026-04-02 13:38:01,413 INFO Using filtered background
2026-04-02 13:38:08,712 INFO Epoch 0, iter 0, loss 1.3152278661727905
2026-04-02 13:38:10,336 INFO Epoch 0, iter 1, loss 1.0890065431594849
2026-04-02 13:38:11,910 INFO Epoch 0, iter 2, loss 0.9641485214233398
2026-04-02 13:38:13,539 INFO Epoch 0, iter 3, loss 0.8696377277374268
2026-04-02 13:38:15,148 INFO Epoch 0, iter 4, loss 0.8578677773475647
2026-04-02 13:38:17,204 INFO Epoch 0, iter 5, loss 0.9245142340660095
2026-04-02 13:38:18,844 INFO Epoch 1, iter 0, loss 0.8954704403877258
2026-04-02 13:38:20,406 INFO Epoch 1, iter 1, loss 0.7584520578384399
2026-04-02 13:38:21,965 INFO Epoch 1, iter 2, loss 0.9840267896652222
2026-04-02 13:38:23,509 INFO Epoch 1, iter 3, loss 0.8071087002754211
2026-04-02 13:38:25,077 INFO Epoch 1, iter 4, loss 0.7717006802558899
2026-04-02 13:38:25,537 INFO Epoch 1, iter 5, loss 0.7298605442047119
2026-04-02 13:38:27,067 INFO Epoch 2, iter 0, loss 0.7648661732673645
2026-04-02 13:38:28,630 INFO Epoch 2, iter 1, loss 0.8667111992835999
2026-04-02 13:38:30,181 INFO Epoch 2, iter 2, loss 0.7588604688644409
2026-04-02 13:38:31,784 INFO Epoch 2, iter 3, loss 0.7281712889671326
2026-04-02 13:38:33,364 INFO Epoch 2, iter 4, loss 0.6942731738090515
2026-04-02 13:38:33,817 INFO Epoch 2, iter 5, loss 0.6981101036071777
2026-04-02 13:38:35,386 INFO Epoch 3, iter 0, loss 0.8262709975242615
2026-04-02 13:38:37,196 INFO Epoch 3, iter 1, loss 0.6197806596755981
2026-04-02 13:38:38,935 INFO Epoch 3, iter 2, loss 0.7180691957473755
2026-04-02 13:38:40,681 INFO Epoch 3, iter 3, loss 0.7288299798965454
2026-04-02 13:38:42,705 INFO Epoch 3, iter 4, loss 0.7149242162704468
2026-04-02 13:38:43,369 INFO Epoch 3, iter 5, loss 0.7196537256240845
2026-04-02 13:38:45,136 INFO Epoch 4, iter 0, loss 0.706390917301178
2026-04-02 13:38:46,751 INFO Epoch 4, iter 1, loss 0.6663445234298706
2026-04-02 13:38:48,386 INFO Epoch 4, iter 2, loss 0.7328395843505859
2026-04-02 13:38:50,056 INFO Epoch 4, iter 3, loss 0.740471363067627
2026-04-02 13:38:51,727 INFO Epoch 4, iter 4, loss 0.6898479461669922
2026-04-02 13:38:52,184 INFO Epoch 4, iter 5, loss 0.5426225066184998
2026-04-02 13:38:53,797 INFO Epoch 5, iter 0, loss 0.6897293925285339
2026-04-02 13:38:55,395 INFO Epoch 5, iter 1, loss 0.6053745746612549
2026-04-02 13:38:57,012 INFO Epoch 5, iter 2, loss 0.7177477478981018
2026-04-02 13:38:58,626 INFO Epoch 5, iter 3, loss 0.6803887486457825
2026-04-02 13:39:00,329 INFO Epoch 5, iter 4, loss 0.692351222038269
2026-04-02 13:39:00,793 INFO Epoch 5, iter 5, loss 0.5909905433654785
2026-04-02 13:39:02,434 INFO Epoch 6, iter 0, loss 0.5829969048500061
2026-04-02 13:39:04,027 INFO Epoch 6, iter 1, loss 0.6326727867126465
2026-04-02 13:39:05,670 INFO Epoch 6, iter 2, loss 0.8516342639923096
2026-04-02 13:39:07,229 INFO Epoch 6, iter 3, loss 0.6408607959747314
2026-04-02 13:39:08,897 INFO Epoch 6, iter 4, loss 0.7141252756118774
2026-04-02 13:39:09,395 INFO Epoch 6, iter 5, loss 0.5402704477310181
2026-04-02 13:39:10,993 INFO Epoch 7, iter 0, loss 0.708033561706543
2026-04-02 13:39:12,589 INFO Epoch 7, iter 1, loss 0.5718511343002319
2026-04-02 13:39:14,334 INFO Epoch 7, iter 2, loss 0.7121115326881409
2026-04-02 13:39:15,945 INFO Epoch 7, iter 3, loss 0.5916182398796082
2026-04-02 13:39:17,741 INFO Epoch 7, iter 4, loss 0.6291095614433289
2026-04-02 13:39:18,189 INFO Epoch 7, iter 5, loss 0.7400246858596802
2026-04-02 13:39:19,689 INFO Epoch 8, iter 0, loss 0.7230783700942993
2026-04-02 13:39:21,228 INFO Epoch 8, iter 1, loss 0.5922261476516724
2026-04-02 13:39:22,790 INFO Epoch 8, iter 2, loss 0.6084065437316895
2026-04-02 13:39:24,554 INFO Epoch 8, iter 3, loss 0.6855906844139099
2026-04-02 13:39:26,336 INFO Epoch 8, iter 4, loss 0.5625558495521545
2026-04-02 13:39:26,847 INFO Epoch 8, iter 5, loss 0.6645933389663696
2026-04-02 13:39:28,414 INFO Epoch 9, iter 0, loss 0.5964229702949524
2026-04-02 13:39:30,036 INFO Epoch 9, iter 1, loss 0.6402091383934021
2026-04-02 13:39:32,667 INFO Epoch 9, iter 2, loss 0.5767003297805786
2026-04-02 13:39:34,942 INFO Epoch 9, iter 3, loss 0.6220104694366455
2026-04-02 13:39:37,244 INFO Epoch 9, iter 4, loss 0.6568340063095093
2026-04-02 13:39:37,917 INFO Epoch 9, iter 5, loss 0.7345749139785767
2026-04-02 13:39:37,952 INFO Model saved to ../demo_data/spacut_results\checkpoint/model.pth
2026-04-02 13:39:37,953 INFO Start training cell net
2026-04-02 13:39:40,970 INFO Epoch 0, iter 0, loss 0.8467661142349243
2026-04-02 13:39:46,168 INFO Epoch 0, iter 10, loss 0.7106966972351074
2026-04-02 13:39:49,276 INFO Epoch 0, iter 20, loss 0.727738082408905
2026-04-02 13:39:52,272 INFO Epoch 0, iter 30, loss 0.715252161026001
2026-04-02 13:39:55,111 INFO Epoch 0, iter 40, loss 0.6957299709320068
2026-04-02 13:39:58,265 INFO Epoch 0, iter 50, loss 0.7135549783706665
2026-04-02 13:39:59,532 INFO Epoch 0, iter 60, loss 0.6997406482696533
2026-04-02 13:40:01,961 INFO Epoch 0, iter 70, loss 0.6903841495513916
2026-04-02 13:40:05,834 INFO Epoch 0, iter 80, loss 0.7049655318260193
2026-04-02 13:40:08,130 INFO Epoch 0, iter 90, loss 0.692639172077179
2026-04-02 13:40:09,960 INFO Epoch 0, iter 100, loss 0.6917357444763184
2026-04-02 13:40:12,128 INFO Epoch 0, iter 110, loss 0.6917028427124023
2026-04-02 13:40:14,591 INFO Epoch 0, iter 120, loss 0.6883788704872131
2026-04-02 13:40:15,862 INFO Epoch 0, iter 130, loss 0.6789389252662659
2026-04-02 13:40:17,734 INFO Epoch 0, iter 140, loss 0.6858185529708862
2026-04-02 13:40:19,992 INFO Epoch 0, iter 150, loss 0.6955339908599854
2026-04-02 13:40:21,454 INFO Epoch 0, iter 160, loss 0.6744809150695801
2026-04-02 13:40:23,231 INFO Epoch 1, iter 0, loss 0.6844196915626526
2026-04-02 13:40:25,182 INFO Epoch 1, iter 10, loss 0.686163067817688
2026-04-02 13:40:28,351 INFO Epoch 1, iter 30, loss 0.672757625579834
2026-04-02 13:40:30,045 INFO Epoch 1, iter 40, loss 0.6727107167243958
2026-04-02 13:40:31,471 INFO Epoch 1, iter 50, loss 0.6682189702987671
2026-04-02 13:40:33,127 INFO Epoch 1, iter 60, loss 0.671026885509491
2026-04-02 13:40:34,902 INFO Epoch 1, iter 70, loss 0.6642507314682007
2026-04-02 13:40:36,819 INFO Epoch 1, iter 80, loss 0.6630042791366577
2026-04-02 13:40:38,812 INFO Epoch 1, iter 90, loss 0.6717014312744141
2026-04-02 13:40:41,096 INFO Epoch 1, iter 100, loss 0.6589571237564087
2026-04-02 13:40:42,995 INFO Epoch 1, iter 110, loss 0.6569555997848511
2026-04-02 13:40:44,737 INFO Epoch 1, iter 120, loss 0.6574465036392212
2026-04-02 13:40:46,478 INFO Epoch 1, iter 130, loss 0.6434369683265686
2026-04-02 13:40:48,213 INFO Epoch 1, iter 140, loss 0.6322339773178101
2026-04-02 13:40:49,741 INFO Epoch 1, iter 150, loss 0.6482404470443726
2026-04-02 13:40:51,887 INFO Epoch 1, iter 160, loss 0.6447305679321289
2026-04-02 13:40:53,907 INFO Epoch 2, iter 0, loss 0.625771701335907
2026-04-02 13:40:55,931 INFO Epoch 2, iter 10, loss 0.6265074014663696
2026-04-02 13:40:57,325 INFO Epoch 2, iter 20, loss 0.6567206382751465
2026-04-02 13:40:58,302 INFO Epoch 2, iter 30, loss 0.6341226100921631
2026-04-02 13:41:00,765 INFO Epoch 2, iter 40, loss 0.6295889019966125
2026-04-02 13:41:02,504 INFO Epoch 2, iter 50, loss 0.6413172483444214
2026-04-02 13:41:05,106 INFO Epoch 2, iter 60, loss 0.6204726696014404
2026-04-02 13:41:06,836 INFO Epoch 2, iter 70, loss 0.6341913938522339
2026-04-02 13:41:08,281 INFO Epoch 2, iter 80, loss 0.6290231943130493
2026-04-02 13:41:09,617 INFO Epoch 2, iter 90, loss 0.6336923837661743
2026-04-02 13:41:11,254 INFO Epoch 2, iter 100, loss 0.6293393969535828
2026-04-02 13:41:12,927 INFO Epoch 2, iter 110, loss 0.6003420352935791
2026-04-02 13:41:14,826 INFO Epoch 2, iter 120, loss 0.6199864149093628
2026-04-02 13:41:16,742 INFO Epoch 2, iter 130, loss 0.6181890368461609
2026-04-02 13:41:18,864 INFO Epoch 2, iter 140, loss 0.5815321207046509
2026-04-02 13:41:20,629 INFO Epoch 2, iter 150, loss 0.617853581905365
2026-04-02 13:41:22,668 INFO Epoch 2, iter 160, loss 0.6054520010948181
2026-04-02 13:41:24,182 INFO Epoch 3, iter 0, loss 0.6118216514587402
2026-04-02 13:41:25,563 INFO Epoch 3, iter 10, loss 0.5997147560119629
2026-04-02 13:41:27,036 INFO Epoch 3, iter 20, loss 0.6064877510070801
2026-04-02 13:41:28,939 INFO Epoch 3, iter 30, loss 0.6095843315124512
2026-04-02 13:41:30,626 INFO Epoch 3, iter 40, loss 0.6123253107070923
2026-04-02 13:41:32,425 INFO Epoch 3, iter 50, loss 0.6052508354187012
2026-04-02 13:41:34,274 INFO Epoch 3, iter 60, loss 0.5745948553085327
2026-04-02 13:41:36,343 INFO Epoch 3, iter 70, loss 0.5334732532501221
2026-04-02 13:41:38,119 INFO Epoch 3, iter 80, loss 0.6096619367599487
2026-04-02 13:41:39,711 INFO Epoch 3, iter 90, loss 0.6019881367683411
2026-04-02 13:41:41,831 INFO Epoch 3, iter 100, loss 0.5951716899871826
2026-04-02 13:41:44,122 INFO Epoch 3, iter 110, loss 0.570628821849823
2026-04-02 13:41:46,224 INFO Epoch 3, iter 120, loss 0.5852997303009033
2026-04-02 13:41:47,898 INFO Epoch 3, iter 130, loss 0.5676302909851074
2026-04-02 13:41:49,949 INFO Epoch 3, iter 140, loss 0.5439927577972412
2026-04-02 13:41:51,900 INFO Epoch 3, iter 150, loss 0.5878530144691467
2026-04-02 13:41:53,674 INFO Epoch 3, iter 160, loss 0.5846428871154785
2026-04-02 13:41:55,014 INFO Epoch 4, iter 0, loss 0.5836515426635742
2026-04-02 13:41:56,769 INFO Epoch 4, iter 10, loss 0.5683504939079285
2026-04-02 13:41:59,004 INFO Epoch 4, iter 20, loss 0.5852831602096558
2026-04-02 13:42:00,709 INFO Epoch 4, iter 30, loss 0.5797727704048157
2026-04-02 13:42:02,345 INFO Epoch 4, iter 40, loss 0.5820552110671997
2026-04-02 13:42:03,902 INFO Epoch 4, iter 50, loss 0.5596330165863037
2026-04-02 13:42:05,678 INFO Epoch 4, iter 60, loss 0.4271623492240906
2026-04-02 13:42:07,579 INFO Epoch 4, iter 70, loss 0.5805025696754456
2026-04-02 13:42:09,568 INFO Epoch 4, iter 80, loss 0.5695213675498962
2026-04-02 13:42:10,948 INFO Epoch 4, iter 90, loss 0.5669316053390503
2026-04-02 13:42:12,651 INFO Epoch 4, iter 100, loss 0.5322279334068298
2026-04-02 13:42:14,584 INFO Epoch 4, iter 110, loss 0.5774590969085693
2026-04-02 13:42:16,572 INFO Epoch 4, iter 120, loss 0.5612213611602783
2026-04-02 13:42:18,052 INFO Epoch 4, iter 130, loss 0.5667369365692139
2026-04-02 13:42:19,993 INFO Epoch 4, iter 140, loss 0.5329421162605286
2026-04-02 13:42:21,870 INFO Epoch 4, iter 150, loss 0.5428714752197266
2026-04-02 13:42:23,798 INFO Epoch 4, iter 160, loss 0.5611796379089355
2026-04-02 13:42:25,477 INFO Epoch 5, iter 0, loss 0.5612592697143555
2026-04-02 13:42:27,354 INFO Epoch 5, iter 10, loss 0.5600998401641846
2026-04-02 13:42:29,701 INFO Epoch 5, iter 20, loss 0.49804335832595825
2026-04-02 13:42:31,938 INFO Epoch 5, iter 30, loss 0.4257489740848541
2026-04-02 13:42:34,013 INFO Epoch 5, iter 40, loss 0.5548030138015747
2026-04-02 13:42:35,822 INFO Epoch 5, iter 50, loss 0.526146650314331
2026-04-02 13:42:37,510 INFO Epoch 5, iter 60, loss 0.5410854816436768
2026-04-02 13:42:38,804 INFO Epoch 5, iter 70, loss 0.5501896142959595
2026-04-02 13:42:40,581 INFO Epoch 5, iter 80, loss 0.5320277214050293
2026-04-02 13:42:42,022 INFO Epoch 5, iter 90, loss 0.5420718193054199
2026-04-02 13:42:43,951 INFO Epoch 5, iter 100, loss 0.5534265041351318
2026-04-02 13:42:45,512 INFO Epoch 5, iter 110, loss 0.501940906047821
2026-04-02 13:42:47,267 INFO Epoch 5, iter 120, loss 0.5275349020957947
2026-04-02 13:42:48,871 INFO Epoch 5, iter 130, loss 0.5344976186752319
2026-04-02 13:42:50,201 INFO Epoch 5, iter 140, loss 0.5322769284248352
2026-04-02 13:42:52,056 INFO Epoch 5, iter 150, loss 0.5079251527786255
2026-04-02 13:42:54,329 INFO Epoch 5, iter 160, loss 0.48837095499038696
2026-04-02 13:42:55,919 INFO Epoch 6, iter 0, loss 0.5022482872009277
2026-04-02 13:42:57,819 INFO Epoch 6, iter 10, loss 0.513789713382721
2026-04-02 13:42:59,262 INFO Epoch 6, iter 20, loss 0.5066036581993103
2026-04-02 13:43:01,141 INFO Epoch 6, iter 30, loss 0.5143905878067017
2026-04-02 13:43:02,705 INFO Epoch 6, iter 40, loss 0.4592825174331665
2026-04-02 13:43:04,863 INFO Epoch 6, iter 50, loss 0.4848947525024414
2026-04-02 13:43:06,806 INFO Epoch 6, iter 60, loss 0.4744137227535248
2026-04-02 13:43:08,935 INFO Epoch 6, iter 70, loss 0.4225735068321228
2026-04-02 13:43:10,730 INFO Epoch 6, iter 80, loss 0.4876428544521332
2026-04-02 13:43:12,887 INFO Epoch 6, iter 90, loss 0.47339868545532227
2026-04-02 13:43:15,263 INFO Epoch 6, iter 100, loss 0.4909037947654724
2026-04-02 13:43:16,883 INFO Epoch 6, iter 110, loss 0.4665103852748871
2026-04-02 13:43:18,358 INFO Epoch 6, iter 120, loss 0.4968302249908447
2026-04-02 13:43:19,756 INFO Epoch 6, iter 130, loss 0.49245187640190125
2026-04-02 13:43:20,944 INFO Epoch 6, iter 140, loss 0.4889862537384033
2026-04-02 13:43:22,921 INFO Epoch 6, iter 150, loss 0.48534882068634033
2026-04-02 13:43:24,766 INFO Epoch 6, iter 160, loss 0.4975792467594147
2026-04-02 13:43:26,289 INFO Epoch 7, iter 0, loss 0.43362197279930115
2026-04-02 13:43:28,492 INFO Epoch 7, iter 10, loss 0.4626159369945526
2026-04-02 13:43:30,001 INFO Epoch 7, iter 20, loss 0.4701368510723114
2026-04-02 13:43:31,965 INFO Epoch 7, iter 30, loss 0.48192375898361206
2026-04-02 13:43:33,895 INFO Epoch 7, iter 40, loss 0.44636765122413635
2026-04-02 13:43:36,204 INFO Epoch 7, iter 50, loss 0.45052286982536316
2026-04-02 13:43:37,991 INFO Epoch 7, iter 60, loss 0.48945555090904236
2026-04-02 13:43:39,927 INFO Epoch 7, iter 70, loss 0.47296836972236633
2026-04-02 13:43:41,444 INFO Epoch 7, iter 80, loss 0.44593098759651184
2026-04-02 13:43:43,174 INFO Epoch 7, iter 90, loss 0.4396858811378479
2026-04-02 13:43:44,631 INFO Epoch 7, iter 100, loss 0.42955878376960754
2026-04-02 13:43:46,714 INFO Epoch 7, iter 110, loss 0.4470585584640503
2026-04-02 13:43:48,395 INFO Epoch 7, iter 120, loss 0.4713613986968994
2026-04-02 13:43:50,062 INFO Epoch 7, iter 130, loss 0.4558580815792084
2026-04-02 13:43:51,859 INFO Epoch 7, iter 140, loss 0.4593910574913025
2026-04-02 13:43:53,255 INFO Epoch 7, iter 150, loss 0.4083995819091797
2026-04-02 13:43:54,926 INFO Epoch 7, iter 160, loss 0.4514675736427307
2026-04-02 13:43:56,446 INFO Epoch 8, iter 0, loss 0.46355363726615906
2026-04-02 13:43:58,416 INFO Epoch 8, iter 10, loss 0.322963684797287
2026-04-02 13:44:00,431 INFO Epoch 8, iter 20, loss 0.4241040349006653
2026-04-02 13:44:02,011 INFO Epoch 8, iter 30, loss 0.4151536226272583
2026-04-02 13:44:04,075 INFO Epoch 8, iter 40, loss 0.44164907932281494
2026-04-02 13:44:05,865 INFO Epoch 8, iter 50, loss 0.40695351362228394
2026-04-02 13:44:07,565 INFO Epoch 8, iter 60, loss 0.4345778226852417
2026-04-02 13:44:09,981 INFO Epoch 8, iter 70, loss 0.4078347682952881
2026-04-02 13:44:12,342 INFO Epoch 8, iter 80, loss 0.3103812038898468
2026-04-02 13:44:13,929 INFO Epoch 8, iter 90, loss 0.4170001745223999
2026-04-02 13:44:15,131 INFO Epoch 8, iter 100, loss 0.4376869797706604
2026-04-02 13:44:16,890 INFO Epoch 8, iter 110, loss 0.4259674549102783
2026-04-02 13:44:18,067 INFO Epoch 8, iter 120, loss 0.4140368103981018
2026-04-02 13:44:19,575 INFO Epoch 8, iter 130, loss 0.4350540041923523
2026-04-02 13:44:21,659 INFO Epoch 8, iter 140, loss 0.4393409490585327
2026-04-02 13:44:23,134 INFO Epoch 8, iter 150, loss 0.4123830795288086
2026-04-02 13:44:25,047 INFO Epoch 8, iter 160, loss 0.4293810725212097
2026-04-02 13:44:26,968 INFO Epoch 9, iter 0, loss 0.3513970971107483
2026-04-02 13:44:28,393 INFO Epoch 9, iter 10, loss 0.4019527733325958
2026-04-02 13:44:29,645 INFO Epoch 9, iter 20, loss 0.3953721523284912
2026-04-02 13:44:31,279 INFO Epoch 9, iter 30, loss 0.4046131670475006
2026-04-02 13:44:33,685 INFO Epoch 9, iter 40, loss 0.38412100076675415
2026-04-02 13:44:35,195 INFO Epoch 9, iter 50, loss 0.3803263306617737
2026-04-02 13:44:37,211 INFO Epoch 9, iter 60, loss 0.4193331003189087
2026-04-02 13:44:38,980 INFO Epoch 9, iter 70, loss 0.38473623991012573
2026-04-02 13:44:40,961 INFO Epoch 9, iter 80, loss 0.2898866534233093
2026-04-02 13:44:42,296 INFO Epoch 9, iter 90, loss 0.39145395159721375
2026-04-02 13:44:44,457 INFO Epoch 9, iter 100, loss 0.3698809742927551
2026-04-02 13:44:46,002 INFO Epoch 9, iter 110, loss 0.39801737666130066
2026-04-02 13:44:47,363 INFO Epoch 9, iter 120, loss 0.3854202330112457
2026-04-02 13:44:49,827 INFO Epoch 9, iter 130, loss 0.37551116943359375
2026-04-02 13:44:55,479 INFO Epoch 9, iter 140, loss 0.3038504123687744
2026-04-02 13:45:01,681 INFO Epoch 9, iter 150, loss 0.3381837010383606
2026-04-02 13:45:03,261 INFO Epoch 9, iter 160, loss 0.3762916624546051
2026-04-02 13:45:04,786 INFO Model saved to ../demo_data/spacut_results\checkpoint/model.pth
2026-04-02 13:45:04,788 INFO Loading gene map from ../demo_data/top500/top500_gene_map.tif
2026-04-02 13:45:05,031 INFO Gene map shape: (1200, 1200, 500)
2026-04-02 13:45:05,031 INFO Loading nuclei mask from ../demo_data/segmentation/nuclei_masks.tif
2026-04-02 13:45:05,048 INFO Nuclei mask unique values: 1134, Shape: (1200, 1200)
2026-04-02 13:45:05,048 INFO Total 169 patches with shift 0
2026-04-02 13:45:05,048 INFO Loading gene map from ../demo_data/top500/top500_gene_map.tif
2026-04-02 13:45:05,285 INFO Gene map shape: (1200, 1200, 500)
2026-04-02 13:45:05,285 INFO Loading nuclei mask from ../demo_data/segmentation/nuclei_masks.tif
2026-04-02 13:45:05,302 INFO Nuclei mask unique values: 1134, Shape: (1200, 1200)
2026-04-02 13:45:05,302 INFO Total 121 patches with shift 48
2026-04-02 13:45:47,117 INFO Prediction finished
2026-04-02 13:45:47,117 INFO Filling grid
2026-04-02 13:45:47,157 INFO 169 patches available
2026-04-02 13:45:47,157 INFO Num threading splits: 20
2026-04-02 13:45:48,647 INFO Combining results
2026-04-02 13:45:51,574 INFO Saved final segmentation to ../demo_data/spacut_results\pred\segmentation_mask.tif
